WWA BL table List
gen_Counter -  find CounterID
gen_User -  insert and find User ID
sei_Member - insert user id and find Member ID
gen_Program  -find Program ID
sei_Member_setting - set Program id and member id
sei_Member_transfer - set Member ID and select iMembertransferID
sei_Member_transfer_program_link - set iMembertransferID
sei_Office_map

mysql> SELECT iCounterID from gen_Counter WHERE cCountername='booking_counter' limit 1 ;
+------------+
| iCounterID |
+------------+
|          1 |
+------------+


mysql> SELECT iUserID FROM gen_User WHERE cUsername ='edi_gebruder_prod' limit  1;
+---------+
| iUserID |
+---------+
|  512303 |
+---------+
1 row in set (0.00 sec)

mysql> SELECT iMemberID FROM sei_Member WHERE cCompanycode='edi_gebruder_prod'                                                                                                               limit 1;
+-----------+
| iMemberID |
+-----------+
|      2005 |
+-----------+
1 row in set (0.00 sec)

mysql> SELECT iProgramID FROM gen_Program WHERE cCode = 'BKG';
+------------+
| iProgramID |
+------------+
|          7 |
+------------+
1 row in set (0.00 sec)

mysql> SELECT iProgramID FROM gen_Program WHERE cCode = 'BKC';
+------------+
| iProgramID |
+------------+
|         62 |
+------------+


mysql> select cCode, cName from gen_Program;
+-------+-------------------------------------+
| cCode | cName                               |
+-------+-------------------------------------+
| SCH   | Schedule                            |
| TRA   | Tracking                            |
| ATR   | Air Tracking                        |
| RAL   | Rate LCL                            |
| BKG   | Booking                             |
| 304   | BL Instruction X12                  |
| 310   | BL Instruction Export X12           |
| 315   | Shipment Status X12                 |
| 997   | Acknowledgment X12                  |
| BOL   | blinstructions                      |
| SSE   | Shipment Status Export              |
| OBL   | bl_instructions                     |
| CBU   | Customer Buy rate                   |
| RAG   | Global Rates                        |
| WIR   | Warehouse Inventory Report          |
| DLM   | Download Manager                    |
| SMD   | SmartDocs                           |
| IAB   | InterGroupBilling                   |
| SSI   | Shipment Status Import              |
| DIS   | File Distributor                    |
| SCI   | Schedule Import                     |
| CNV   | Conversion                          |
| BIR   | BI Report                           |
| ARC   | Archivetable                        |
| BLD   | Bill of Lading Draft                |
| ABC   | ABCD                                |
| MKG   | ABCDMKG                             |
| IVE   | Invoice Export                      |
| BLP   | Booking Load Port                   |
| AFR   | Air Global Rates                    |
| GRT   | LCL Tariff Builder                  |
| IAK   | Invoice Acknowledgement             |
| IVI   | Invoice Import                      |
| BLI   | bill_of_lading_image                |
| BKC   | Booking Confirmation                |
| FBL   | File bl                             |
| FCL   | FCL Rate Search                     |
| BKR   | Booking Classification Report       |
| BLR   | BLInstruction Report                |
| SFR   | Shipment Status Failure Report      |
| RPS   | Run Report Statistics               |
| ACC   | Accounting                          |
| CSI   | Carrier Shipment Status             |
| BCR   | BL Classification Report            |
| BFR   | BL Instruction Failure Report       |
| OEM   | Overdue Exception Milestones        |
| IVR   | Invoice Error                       |
| SUD   | Schedule Upload Delete              |
| SCT   | Schedule Template                   |
| BOE   | Bill of Lading Receipt              |
| WBS   | Web Service                         |
| CMR   | Carrier Milestone Reports           |
| GSI   | Global Shipment Status Import       |
| GRR   | LCL RFQ Builder                     |
| IRP   | Invoice Report                      |
| SDR   | Sail Confirmation Report            |
| CBL   | Carrier BL Instruction              |
| CBA   | Carrier BL Acknowledgment           |
| RAU   | Rate UPS                            |
| CSE   | Carrier Shipment Export             |
| RUA   | Rate UPS1                           |
| SSR   | Shipment Status Report              |
| AMG   | AmazonGlacier                       |
| ARV   | Archive                             |
| GTA   | Turn Around Report                  |
| BTR   | Booking TAT Report                  |
| COP   | Cargo Planning                      |
| EXP   | Export Rate                         |
| SCM   | Shipment Compliance Report          |
| EDC   | edocs                               |
| CSH   | Carrier Schedule Import             |
| CBC   | Carrier Booking Confirmation        |
| CBK   | Carrier Booking Request             |
| TAS   | Transfer to AmazonS3                |
| SCR   | Schedule Data Report                |
| PRA   | Private Rates GRDB                  |
| BCS   | Blockchain Status Transmission      |
| SSV   | CSV Schedule Data Report            |
| MCS   | Missing Carrier Status Report       |
| CSR   | Consolidated Shipment Report        |
| BLA   | BL Instruction API                  |
| BAA   | BL Acknowledge API                  |
| TST   | Tradelens Subscription Transmission |
| FRW   | webserviceTransfer                  |
+-------+-------------------------------------+

select * from sei_Office_map  where cExternalcode = 'edi_gebruder_prod';


SET @iUserID=(SELECT iUserID FROM gen_User WHERE cUsername ='edi_usbus_prod' limit  1);
SET @iUserID=(SELECT iUserID FROM gen_User WHERE cUsername ='edi_bestbus_prod' limit  1);
SET @iMemberID=(SELECT iMemberID FROM sei_Member WHERE cCompanycode='edi_weissrohlig_prod'  limit 1);

SET @iUserID=(SELECT iUserID FROM gen_User WHERE cUsername ='edi_gebruder_prod' limit  1);
SET @iMemberID=(SELECT iMemberID FROM sei_Member WHERE cCompanycode='edi_gebruder_prod'  limit 1);








Shipco BL Table List

gen_Counter
gen_User
sei_Member

sei_Member_setting
gen_Program
